{
  "status": "applied_separate_cumulative_primary_population_source_overlay_raw_State_export_unchanged",
  "working_native_stage": 65,
  "reviewed_primary_claim_rows": 1910,
  "effective_long_overlay_rows": 1910,
  "wide_rows": 142069,
  "wide_overridden_rows": 1861,
  "new_identity_nodes": 0,
  "new_point_uses": 0,
  "full_selected_population_before": {
    "2002": 145167488,
    "2010": 142363024,
    "2021": 147182123
  },
  "full_selected_population_after_effective_primary": {
    "2002": 145167488,
    "2010": 142531794,
    "2021": 147182123
  },
  "selected_population_delta": 168770,
  "ordinary_main_population_before": {
    "2002": 127053409,
    "2010": 124180536,
    "2021": 124802737
  },
  "ordinary_main_population_after_effective_primary": {
    "2002": 127053409,
    "2010": 124341098,
    "2021": 124802737
  },
  "ordinary_main_population_delta": 160562,
  "primary_credited_native_unknown_population_rows_preserved": 0,
  "primary_credited_native_UID_rows_before_and_after": 430007,
  "primary_credited_native_population_before": {
    "2002": 129028987,
    "2010": 125185069,
    "2021": 125374467
  },
  "primary_credited_native_population_after_effective_primary": {
    "2002": 129028987,
    "2010": 125351809,
    "2021": 125374467
  },
  "primary_credited_native_2010_delta": 166740,
  "reviewed_claims_matching_primary_UID_credit": 1896,
  "reviewed_claims_outside_primary_UID_credit": 14,
  "national_controls_unchanged": {
    "2002": 145166731,
    "2010": 142856536,
    "2021": 147182123
  },
  "external2010_source_deficit_before": 493512,
  "external2010_source_deficit_after": 324742,
  "raw_source_counts_qualities_and_metadata_preserved": true,
  "unknown_population_not_zeroed": true,
  "no_whole_municipal_or_boundary_closure_claim": true,
  "independent_readback": {
    "rows": 142069,
    "populations": {
      "2002": 127053409,
      "2010": 124341098,
      "2021": 124802737
    },
    "unchanged_native_UID_and_coordinate_fields_sha256": "35832cbe2ab722d88ceb7f24505e6af5809239195fea531d5ae9221cdef3971b",
    "all_applied_old_source_fields_match_raw_export": true
  },
  "input_pins": {
    "/workspace/settlements-delivery/continuation-consolidated-20261003/selected_observations.parquet": "4ff918ae07715e98a37aa5dc77546f3d7b7ac9c241c7c01a041c8f72a6f8c657",
    "/workspace/russian-settlements-research/research_rebuild/evidence/next_overlay_application65_20261008/normalized_cumulative_claims.csv.gz": "150c6e340197f03809ee759df030fb4df3a4affc5d3083f49696096a7eb7853a",
    "/workspace/russian-settlements-research/research_rebuild/evidence/official_population_residual_sources_20261008/leningrad_2010_official_archived.pdf": "57cb1e6e9ea1c5803a860048941ddd51b40640372797229d0010e758155b8792",
    "/workspace/settlements-delivery/working-full-chain-20261007/ordinary_full3_all_own_points_complete_numbers.csv.gz": "2ea22b3188427a5e2ef5e862a540feffaf67c829c2c266b06e5e058a59604e45",
    "/workspace/russian-settlements-research/research_rebuild/evidence/main_axis_residual_application65_20261008/applied_primary_credited_UID_roster.csv.gz": "e4679391e95e574d1bbe741e264fdbc12f012f00db33685119787a8a99d30424",
    "/workspace/russian-settlements-research/research_rebuild/evidence/main_axis_residual_application65_20261008/application_receipt.json": "9e2504a1cc74099b8926aba5f2d8f197eb3e8964cddd26bf960f79d8498df592",
    "/workspace/russian-settlements-research/research_rebuild/evidence/main_axis_residual_application65_20261008/applied_state_observations.parquet": "1d0506a456d5506398a85373c304f07dbbd07d5a3d1b476e547aa2ec0d76e6a2",
    "/workspace/settlements-raw/data/raw/2010_official_tom1/tom-1-chislennost-i-razmeshchenie-naseleniya.pdf": "42cb939d8024042ffcf8a708676cef3f159a93e4dad697086c80465d445887c3"
  },
  "output_pins": {
    "/workspace/settlements-delivery/working-full-chain-20261007/ordinary_full3_with_primary_population_sources.csv.gz": {
      "sha256": "08c4b80244b8dd9f7de2c0beaf0e0a0e7b5b0e6ae186c9049babfff5ccec1d03",
      "bytes": 26268224
    },
    "/workspace/settlements-delivery/working-full-chain-20261007/applied_primary_population_source_overlay_2010.csv.gz": {
      "sha256": "00d9914673af6bcf1f3ff258649adf9e3020911e25d3009d8c60e96e12add5d2",
      "bytes": 274899
    }
  },
  "composer_receipt_path": "/workspace/russian-settlements-research/research_rebuild/evidence/main_axis_residual_application65_20261008/application_receipt.json",
  "retained_prior_effective_exports": {
    "/workspace/settlements-delivery/working-full-chain-20261007/ordinary_full3_with_primary_population_sources.retained_stage64.csv.gz": {
      "sha256": "632aecaaba6bafb2ec82d8767e886b49cd7e93d96aecaad54fa2481de29bd48a",
      "bytes": 26238078,
      "method": "hardlink_original_inode_retained_before_atomic_effective_replace"
    },
    "/workspace/settlements-delivery/working-full-chain-20261007/applied_primary_population_source_overlay_2010.retained_stage64.csv.gz": {
      "sha256": "00d9914673af6bcf1f3ff258649adf9e3020911e25d3009d8c60e96e12add5d2",
      "bytes": 274899,
      "method": "hardlink_original_inode_retained_before_atomic_effective_replace"
    }
  },
  "claim_input_pins": {
    "/workspace/russian-settlements-research/research_rebuild/evidence/official_population_residual_sources_20261008/followup_context_accepted_delta.csv.gz": "df21311a80d61ed3e3d9e8cd9d160d93d6cbb27459184fbbf9c2fce52b237640",
    "/workspace/russian-settlements-research/research_rebuild/evidence/official_next_region_source_residual_20261008/national_cached_Table5_ready_primary_override_candidates.csv.gz": "100f94a7d3bacac2a07a74b2b5295de0c0c47b9c34d5c84af2487a876389e56c",
    "/workspace/russian-settlements-research/research_rebuild/evidence/official_next_region_source_residual_20261008/closed_unique_same2010_ready_supplement.csv.gz": "4310180d8a8cc56ef38f197c2f42ab27a6f808a50659525b42a3b7ccad60f08b",
    "/workspace/russian-settlements-research/research_rebuild/evidence/residual_source_followup_20261008/accepted_county_bound_primary2010_addon_8.csv.gz": "e381587945a8fb8bf913233f351d13c1682fbe6630cfd84d775e31f88f5029d2",
    "/workspace/russian-settlements-research/research_rebuild/evidence/residual_source_followup_20261008/accepted_all_regions_county_bound_primary2010_addon_127.csv.gz": "0f17caea9cc1191f70d2944b22ea4a657215822d14d312b31b49e8daca487f72"
  },
  "identical_claim_duplicates_deduplicated": 0,
  "primary2010_axis_with_fixed_federal": {
    "native_UID_population_before": 125185069,
    "native_UID_population_after": 125351809,
    "fixed_federal_population": 16383067,
    "combined_population_before": 141568136,
    "combined_population_after": 141734876,
    "official_national_control": 142856536,
    "percent_of_national_control_after": 99.21483466461765,
    "selected_ordinary_denominator_before": 125979957,
    "selected_ordinary_denominator_after": 126148727,
    "UID_membership_unchanged_by_population_overlay": true
  },
  "current_stage_additive_source_readback": {
    "observations_path": "/workspace/russian-settlements-research/research_rebuild/evidence/main_axis_residual_application65_20261008/applied_state_observations.parquet",
    "sha256": "1d0506a456d5506398a85373c304f07dbbd07d5a3d1b476e547aa2ec0d76e6a2",
    "all_source_rows": 465928,
    "additive_rows": 465927,
    "nonadditive_raw_population_retained": 544,
    "signed_national_control_minus_selected_before": {
      "2002": -757,
      "2010": 493512,
      "2021": 0
    },
    "signed_national_control_minus_selected_after": {
      "2002": -757,
      "2010": 324742,
      "2021": 0
    },
    "original_selected_2010_UID_population_quality_and_source_fields_unchanged": true
  },
  "implementation_sha256": "81f5a01040f1452c263fcc534421672e64a50e5c7ae085041a672884f1e275bc"
}
