{
  "2010_additive_district_null_rows": 101270,
  "2010_null_rows_with_physical_source_row": 101269,
  "bracketed_two_sided_context_rows": 78336,
  "eligible_contextual_link_candidates": 207,
  "sampled_targets": 25,
  "hold_reason_counts": {
    "lower_anchor_over_20_rows": 13101,
    "county_boundary_or_disagreement": 16287,
    "upper_anchor_over_20_rows": 13135,
    "anchor_not_distinct_name_or_row": 338,
    "no_upper_accepted_anchor": 1580,
    "no_lower_accepted_anchor": 1340,
    "event_hold": 7,
    "not_source_whole_physical_row": 17,
    "duplicate_selected_record_at_source_row": 2,
    "missing_physical_source_locator": 1,
    "old_current_component_has_event_or_repeated_year_scope": 64553,
    "2010_endpoint_already_connected_or_repeated_year": 129086,
    "2002_not_unique_whole_name_region_county": 8151,
    "2021_not_unique_whole_name_region_county": 6117,
    "duplicate_2010_same_name_unresolved_context": 5920,
    "no_own_accepted_current_point": 5398,
    "2010_not_unique_source_row_in_inferred_county": 4978,
    "old_current_not_already_same_accepted_component": 25,
    "old_current_points_over_5km": 79,
    "event_candidate_hold": 2,
    "2010_point_conflicts_with_old_current": 1
  },
  "practical_screen_counts": {
    "bracketed_targets": 78336,
    "unique_2002_endpoint": 70185,
    "unique_2021_endpoint": 72219,
    "unique_2010_source_row": 73358,
    "old_current_same_component": 64975,
    "old_point_present_consistency_check": 64763,
    "current_point_own": 59602,
    "old_current_points_within_5km": 64684,
    "old_point_absent_allowed": 237,
    "old_current_component_exact_2002_2021": 447,
    "target_2010_unlinked": 457
  }
}
