{
  "status": "applied_separate_cumulative_primary_population_source_overlay_raw_State_export_unchanged",
  "working_native_stage": 64,
  "reviewed_primary_claim_rows": 1910,
  "effective_long_overlay_rows": 1910,
  "wide_rows": 142035,
  "wide_overridden_rows": 1861,
  "new_identity_nodes": 0,
  "new_point_uses": 0,
  "full_selected_population_before": {
    "2002": 145167488,
    "2010": 142363024,
    "2021": 147182123
  },
  "full_selected_population_after_effective_primary": {
    "2002": 145167488,
    "2010": 142531794,
    "2021": 147182123
  },
  "selected_population_delta": 168770,
  "ordinary_main_population_before": {
    "2002": 127037710,
    "2010": 124166103,
    "2021": 124788306
  },
  "ordinary_main_population_after_effective_primary": {
    "2002": 127037710,
    "2010": 124326665,
    "2021": 124788306
  },
  "ordinary_main_population_delta": 160562,
  "primary_credited_native_unknown_population_rows_preserved": 0,
  "primary_credited_native_UID_rows_before_and_after": 429932,
  "primary_credited_native_population_before": {
    "2002": 129008149,
    "2010": 125179055,
    "2021": 125369960
  },
  "primary_credited_native_population_after_effective_primary": {
    "2002": 129008149,
    "2010": 125345795,
    "2021": 125369960
  },
  "primary_credited_native_2010_delta": 166740,
  "reviewed_claims_matching_primary_UID_credit": 1896,
  "reviewed_claims_outside_primary_UID_credit": 14,
  "national_controls_unchanged": {
    "2002": 145166731,
    "2010": 142856536,
    "2021": 147182123
  },
  "external2010_source_deficit_before": 493512,
  "external2010_source_deficit_after": 324742,
  "raw_source_counts_qualities_and_metadata_preserved": true,
  "unknown_population_not_zeroed": true,
  "no_whole_municipal_or_boundary_closure_claim": true,
  "independent_readback": {
    "rows": 142035,
    "populations": {
      "2002": 127037710,
      "2010": 124326665,
      "2021": 124788306
    },
    "unchanged_native_UID_and_coordinate_fields_sha256": "279c14b2f22843245e80cf458ac955e1a8085701f0fcd8867eca8ade19e8a171",
    "all_applied_old_source_fields_match_raw_export": true
  },
  "input_pins": {
    "/workspace/settlements-delivery/continuation-consolidated-20261003/selected_observations.parquet": "4ff918ae07715e98a37aa5dc77546f3d7b7ac9c241c7c01a041c8f72a6f8c657",
    "/workspace/russian-settlements-research/research_rebuild/evidence/next_overlay_application64_20261008/normalized_cumulative_claims.csv.gz": "bd37c2a6814483a6122be71648b9a6b363eedfccbde128bf80b4e93e163468e0",
    "/workspace/russian-settlements-research/research_rebuild/evidence/official_population_residual_sources_20261008/leningrad_2010_official_archived.pdf": "57cb1e6e9ea1c5803a860048941ddd51b40640372797229d0010e758155b8792",
    "/workspace/settlements-delivery/working-full-chain-20261007/ordinary_full3_all_own_points_complete_numbers.csv.gz": "85928dc5c1e1b11b9338f6d37d727235f29775047d608eafefee3d532d776050",
    "/workspace/russian-settlements-research/research_rebuild/evidence/main_axis_residual_application64_20261008/applied_primary_credited_UID_roster.csv.gz": "2642d17f314ad9706f434cd8dac1e8128c0ec99b0e29b9ce82eaa613bf30b718",
    "/workspace/russian-settlements-research/research_rebuild/evidence/main_axis_residual_application64_20261008/application_receipt.json": "adac8a1b1204d1aa5e59e64f35ca078cc2a65d1d7b2375ed2dea6513c047768d",
    "/workspace/russian-settlements-research/research_rebuild/evidence/main_axis_residual_application64_20261008/applied_state_observations.parquet": "221f1c25e965168623d2d79ac7639fee56d9b60d1158e15e019b4ed13acc4039",
    "/workspace/settlements-raw/data/raw/2010_official_tom1/tom-1-chislennost-i-razmeshchenie-naseleniya.pdf": "42cb939d8024042ffcf8a708676cef3f159a93e4dad697086c80465d445887c3"
  },
  "output_pins": {
    "/workspace/settlements-delivery/working-full-chain-20261007/ordinary_full3_with_primary_population_sources.csv.gz": {
      "sha256": "632aecaaba6bafb2ec82d8767e886b49cd7e93d96aecaad54fa2481de29bd48a",
      "bytes": 26238078
    },
    "/workspace/settlements-delivery/working-full-chain-20261007/applied_primary_population_source_overlay_2010.csv.gz": {
      "sha256": "00d9914673af6bcf1f3ff258649adf9e3020911e25d3009d8c60e96e12add5d2",
      "bytes": 274899
    }
  },
  "composer_receipt_path": "/workspace/russian-settlements-research/research_rebuild/evidence/main_axis_residual_application64_20261008/application_receipt.json",
  "retained_prior_effective_exports": {
    "/workspace/settlements-delivery/working-full-chain-20261007/ordinary_full3_with_primary_population_sources.retained_stage63.csv.gz": {
      "sha256": "74feb8b46eca34a6afed35cfb37d18863d60ee3d11234226ec3392c7f0e25612",
      "bytes": 25988795,
      "method": "hardlink_original_inode_retained_before_atomic_effective_replace"
    },
    "/workspace/settlements-delivery/working-full-chain-20261007/applied_primary_population_source_overlay_2010.retained_stage63.csv.gz": {
      "sha256": "e6c6dd2498a2a0c9b77843040de356804167dc6b5fa4bf14154e3103c2f7ecf1",
      "bytes": 286786,
      "method": "hardlink_original_inode_retained_before_atomic_effective_replace"
    }
  },
  "claim_input_pins": {
    "/workspace/russian-settlements-research/research_rebuild/evidence/official_population_residual_sources_20261008/followup_context_accepted_delta.csv.gz": "df21311a80d61ed3e3d9e8cd9d160d93d6cbb27459184fbbf9c2fce52b237640",
    "/workspace/russian-settlements-research/research_rebuild/evidence/official_next_region_source_residual_20261008/national_cached_Table5_ready_primary_override_candidates.csv.gz": "100f94a7d3bacac2a07a74b2b5295de0c0c47b9c34d5c84af2487a876389e56c",
    "/workspace/russian-settlements-research/research_rebuild/evidence/official_next_region_source_residual_20261008/closed_unique_same2010_ready_supplement.csv.gz": "4310180d8a8cc56ef38f197c2f42ab27a6f808a50659525b42a3b7ccad60f08b",
    "/workspace/russian-settlements-research/research_rebuild/evidence/residual_source_followup_20261008/accepted_county_bound_primary2010_addon_8.csv.gz": "e381587945a8fb8bf913233f351d13c1682fbe6630cfd84d775e31f88f5029d2",
    "/workspace/russian-settlements-research/research_rebuild/evidence/residual_source_followup_20261008/accepted_all_regions_county_bound_primary2010_addon_127.csv.gz": "0f17caea9cc1191f70d2944b22ea4a657215822d14d312b31b49e8daca487f72"
  },
  "identical_claim_duplicates_deduplicated": 0,
  "primary2010_axis_with_fixed_federal": {
    "native_UID_population_before": 125179055,
    "native_UID_population_after": 125345795,
    "fixed_federal_population": 16383067,
    "combined_population_before": 141562122,
    "combined_population_after": 141728862,
    "official_national_control": 142856536,
    "percent_of_national_control_after": 99.21062484673435,
    "selected_ordinary_denominator_before": 125979957,
    "selected_ordinary_denominator_after": 126148727,
    "UID_membership_unchanged_by_population_overlay": true
  },
  "current_stage_additive_source_readback": {
    "observations_path": "/workspace/russian-settlements-research/research_rebuild/evidence/main_axis_residual_application64_20261008/applied_state_observations.parquet",
    "sha256": "221f1c25e965168623d2d79ac7639fee56d9b60d1158e15e019b4ed13acc4039",
    "all_source_rows": 465928,
    "additive_rows": 465927,
    "nonadditive_raw_population_retained": 544,
    "signed_national_control_minus_selected_before": {
      "2002": -757,
      "2010": 493512,
      "2021": 0
    },
    "signed_national_control_minus_selected_after": {
      "2002": -757,
      "2010": 324742,
      "2021": 0
    },
    "original_selected_2010_UID_population_quality_and_source_fields_unchanged": true
  },
  "implementation_sha256": "d1ab93977f72e13fa5c5e6960ca91c1489e4815b8a1906d8ecb5a2683fd6e7da"
}
